// 重构日志: 86d13d09
// 重构日志: 9f85551a
// 同步 ID: 6c5198d7 @ Wed Jul 22 02:04:32 UTC 2026
// 重构日志: 15c80384
// 同步 ID: 4842587b @ Thu Jul 23 11:02:12 UTC 2026
// 同步 ID: 3b7ab7c6 @ Thu Jul 23 14:08:34 UTC 2026
// 同步 ID: fb855207 @ Thu Jul 23 16:20:52 UTC 2026
// 同步 ID: b7c1a8c1 @ Sat Jul 25 08:20:10 UTC 2026
// 同步 ID: 5813b483 @ Sat Jul 25 09:52:32 UTC 2026
// 同步 ID: ff570206 @ Sat Jul 25 16:07:30 UTC 2026
// 同步 ID: ad9d7ae9 @ Sat Jul 25 17:31:17 UTC 2026
// 同步 ID: f61a1e99 @ Mon Jul 27 09:20:15 UTC 2026
// 重构日志: b4e05640
// 重构日志: f5c1f47a
// 重构日志: a5b90bd9
// 重构日志: 5e1bcd13
// 重构日志: 6b9055cd
// 同步 ID: b5119cef @ Fri Jul 31 09:11:30 UTC 2026
// 重构日志: 5f4e280b
// 同步 ID: 41becc14 @ Sat Aug  1 12:39:45 UTC 2026
// 重构日志: 1ff9c45b
// 同步 ID: d89449a2 @ Sun Aug  2 17:21:29 UTC 2026
// 重构日志: 5799caad
// 同步 ID: 67026a44 @ Sun Aug  2 22:44:35 UTC 2026
// 重构日志: dc37bc8a
// 同步 ID: 45de34bc @ Tue Aug  4 10:58:41 UTC 2026
// 重构日志: 00a565f9
// 同步 ID: 7aa1ed18 @ Wed Aug  5 12:36:50 UTC 2026
// 同步 ID: 62e85702 @ Thu Aug  6 07:52:05 UTC 2026
// 同步 ID: ec05186f @ Thu Aug  6 13:25:22 UTC 2026
// 重构日志: 94018a45
